expedite-with-progress: telegram notifier pid=18653
expedite-with-progress: preflight compile + scoped vitest
expedite-notify watching /home/carillon/swarmforgevc/.swarmforge/expedite/BL-1371/progress.json
expedite-notify [BL-1371] • init — running
teardown + worktree

> swarmforge-vc@0.1.0 compile
> tsc -p ./


> swarmforge-vc@0.1.0 postcompile
> node scripts/stampBuildSha.js


 RUN  v3.2.6 /home/carillon/swarmforgevc/extension

 ✓ test/letsTalkLocalAudio.test.js (25 tests) 118ms
 ✓ test/letsTalkAudio.test.js (32 tests) 58ms
 ✓ test/telegramCursorBridgeCore.test.js (130 tests) 53ms
stderr | test/letsTalkBridge.test.js > BL-718 mirror: exhausted send failure surfaces operator event
Bubble talk mirror failed (topic 91, chunk 1/1): Telegram API error: 400 bad request

 ✓ test/letsTalkBridge.test.js (44 tests) 138ms
 ✓ test/cursorBridgeTelegramHtml.test.js (59 tests) 23ms
stdout | test/telegramCursorBridgeCli.test.js > telegram-cursor-bridge --help exits 0 without Telegram env and without starting the app
Usage: node telegram-cursor-bridge.js <repo-root>
Telegram ↔ Cursor SDK remote control. Prefer start_cursor_bridge.sh.
Shared TELEGRAM_BOT_TOKEN with front desk: drains inbound queue (no getUpdates).


stdout | test/telegramCursorBridgeCli.test.js > telegram-cursor-bridge -h exits 0 without starting the app
Usage: node telegram-cursor-bridge.js <repo-root>
Telegram ↔ Cursor SDK remote control. Prefer start_cursor_bridge.sh.
Shared TELEGRAM_BOT_TOKEN with front desk: drains inbound queue (no getUpdates).


 ✓ test/letsTalkAudioPreference.test.js (22 tests) 19ms
 ✓ test/letsTalkRoutes.test.js (32 tests) 31ms
 ✓ test/telegramCursorBridgeRedeploy.test.js (10 tests) 16ms
 ✓ test/letsTalkUiBundle.test.js (18 tests) 16ms
 ✓ test/startBridgeHeadlessCli.test.js (13 tests) 286ms
 ✓ test/telegramCursorBridgeLiveness.test.js (22 tests) 8ms
 ✓ test/telegramCursorBridgePilot.test.js (21 tests) 10ms
 ✓ test/cursorBridgeRunLog.test.js (18 tests) 7ms
 ✓ test/telegramCursorBridgeExpedite.test.js (7 tests) 7ms
 ✓ test/bridgeAuth.test.js (16 tests) 5ms
 ✓ test/cursorBridgeInboundQueue.test.js (7 tests) 5ms
 ✓ test/letsTalkAudioEngineRoutes.test.js (11 tests) 10ms
 ✓ test/telegramCursorBridgeLogs.test.js (5 tests) 4ms
 ✓ test/telegramCursorBridgeUpdate.test.js (6 tests) 5ms
 ✓ test/letsTalkCore.test.js (26 tests) 15ms
 ✓ test/cursorBridgeTelegramMedia.test.js (5 tests) 2ms
 ✓ test/telegramCursorBridgeRedeployTargets.test.js (4 tests) 4ms
 ✓ test/letsTalkBubbleConfig.test.js (4 tests) 4ms
 ✓ test/cursorBridgeProgress.test.js (5 tests) 3ms
 ✓ test/letsTalkMetaRoutes.test.js (5 tests) 2ms
 ✓ test/swarmEnv.test.js (2 tests) 2ms
 ✓ test/cursorBridgeRunTracker.test.js (1 test) 1ms
 ✓ test/telegramCursorBridgeCli.test.js (11 tests) 459ms
 ✓ test/cursorBridgeAgentSession.test.js (67 tests) 1361ms
   ✓ cursorBridgeAgentSession: withAgentLock waits for a contended lock to clear  964ms
 ✓ test/telegramCursorBridgeLive.test.js (121 tests) 1856ms
   ✓ runCursorBridgePollOnce sleeps on poll failure without custom handler  1002ms

 Test Files  30 passed (30)
      Tests  749 passed (749)
   Start at  16:08:26
   Duration  2.39s (transform 255ms, setup 169ms, collect 1.59s, tests 4.53s, environment 1ms, prepare 356ms)

expedite liveness {:stopped? false, :alive ["handoffd" "handoffd-supervisor"]}
expedite swarm is live: handoffd,handoffd-supervisor - initiation will stop it
expedite bookkeep {:action :ready, :ticket "BL-1371", :folder "active"}
expedite-notify [BL-1371] • init — running
teardown + worktree
expedite teardown {:clean? true, :alive [], :exit-code-lied? false}
expedite worktree /home/carillon/swarmforgevc/.worktrees/expedite-BL-1371 on expedite/BL-1371
expedite bounce bound 3 (default)
expedite-notify [BL-1371] 📝 specifier — running
stage 1/7
expedite-notify [BL-1371] 💻 coder — running
stage 2/7
expedite-notify [BL-1371] 🧹 cleaner — running
stage 3/7
expedite-notify [BL-1371] 🏛 architect — running
stage 4/7
expedite-notify [BL-1371] 🛡 hardender — running
stage 5/7
expedite-notify [BL-1371] 📚 documenter — running
stage 6/7
expedite PRE_QA_GATE_FAIL wiring BL-1371 specs/pipeline/steps/index.js does not contain "bl1371StepDiscoverySteps" (acceptance handler registered so the runner executes every scenario. If the parcel replaces the array with discovery, update this entry in-parcel to the anchor that then proves loading - see notes.)
expedite REFUSE required-wiring-gate documenter -> QA
expedite ticket failed | restart held | FAILED HALF: ticket
{
  "failed-half" : "ticket",
  "exit-code" : 1,
  "restart" : {
    "outcome" : "held",
    "marker-path" : "/home/carillon/swarmforgevc/.swarmforge/operator/control-pause.json",
    "hold-reason" : "active"
  },
  "exhaustion" : null,
  "history" : [ {
    "stage" : "specifier",
    "verdict" : "pass",
    "reason" : "spec-gate-passed"
  }, {
    "stage" : "coder",
    "verdict" : "pass"
  }, {
    "stage" : "cleaner",
    "verdict" : "pass"
  }, {
    "stage" : "architect",
    "verdict" : "pass"
  }, {
    "stage" : "hardender",
    "verdict" : "pass"
  }, {
    "stage" : "documenter",
    "verdict" : "pass"
  } ],
  "parked-report" : {
    "parked" : [ ],
    "still-held" : [ ],
    "promoted" : [ ],
    "note" : "left in hold/ deliberately; promotion is not the expeditor's call"
  },
  "finished-at-ms" : 1788452224437,
  "deferred" : [ "bl-topic-record", "briefing-hooks", "pipeline-stage-sync" ],
  "bookkeep" : {
    "action" : "ready",
    "ticket" : "BL-1371",
    "folder" : "active"
  },
  "bound" : {
    "bound" : 3,
    "default" : 3,
    "raised?" : false,
    "explicit?" : false
  },
  "ticket" : "failed",
  "override-used?" : false,
  "ticket-ok?" : false,
  "park" : {
    "park" : [ ],
    "destination" : "hold",
    "nothing-to-park?" : true
  },
  "teardown" : {
    "clean?" : true,
    "alive" : [ ],
    "exit-code-lied?" : false
  },
  "branch" : "expedite/BL-1371",
  "ticket-id" : "BL-1371",
  "restart-ok?" : false,
  "outstanding" : [ ]
}
expedite OUTSTANDING: nothing outstanding - this run left no work for anyone else
expedite-notify watching /home/carillon/swarmforgevc/.swarmforge/expedite/BL-1371/progress.json
expedite-notify [BL-1371] • done — failed
ticket=failed restart=held
expedite-with-progress: final progress:
{
  "ticket" : "BL-1371",
  "stage" : "done",
  "status" : "failed",
  "detail" : "ticket=failed restart=held",
  "line" : "[BL-1371] • done — failed\nticket=failed restart=held",
  "updated-at-ms" : 1788452224436
}
